../mutex_t/mutex_t.cpp:25:1:mutex_t::mutex_t(char*)	24	static
../mutex_t/mutex_t.cpp:31:1:mutex_t::~mutex_t()	16	static
../mutex_t/mutex_t.cpp:31:1:virtual mutex_t::~mutex_t()	16	static
../mutex_t/mutex_t.cpp:37:9:uint8_t mutex_t::lock(uint32_t)	16	static
../mutex_t/mutex_t.cpp:50:6:void mutex_t::unlock()	16	static
../mutex_t/mutex_t.cpp:53:1:void __static_initialization_and_destruction_0()	8	static
../mutex_t/mutex_t.cpp:53:1:void __static_initialization_and_destruction_1()	8	static
../mutex_t/mutex_t.cpp:53:1:cpp)	8	static
../mutex_t/mutex_t.cpp:53:1:cpp)	8	static
