D:/ANTZ Systems/100_Acre_VIC_Water_Level_Monitoring_Control_Card/control_card_host_controller_application/arduino_json/ArduinoJson/Collection/CollectionData.hpp:75:16:ArduinoJson6192_71::VariantSlot* ArduinoJson6192_71::CollectionData::head() const	16	static
D:/ANTZ Systems/100_Acre_VIC_Water_Level_Monitoring_Control_Card/control_card_host_controller_application/arduino_json/ArduinoJson/Memory/Alignment.hpp:21:15:size_t ArduinoJson6192_71::addPadding(size_t)	24	static
D:/ANTZ Systems/100_Acre_VIC_Water_Level_Monitoring_Control_Card/control_card_host_controller_application/arduino_json/ArduinoJson/Strings/Adapters/RamString.hpp:19:3:ArduinoJson6192_71::ZeroTerminatedRamString::ZeroTerminatedRamString(const char*)	16	static
D:/ANTZ Systems/100_Acre_VIC_Water_Level_Monitoring_Control_Card/control_card_host_controller_application/arduino_json/ArduinoJson/Strings/Adapters/RamString.hpp:21:8:bool ArduinoJson6192_71::ZeroTerminatedRamString::isNull() const	16	static
D:/ANTZ Systems/100_Acre_VIC_Water_Level_Monitoring_Control_Card/control_card_host_controller_application/arduino_json/ArduinoJson/Strings/Adapters/RamString.hpp:25:10:size_t ArduinoJson6192_71::ZeroTerminatedRamString::size() const	16	static
D:/ANTZ Systems/100_Acre_VIC_Water_Level_Monitoring_Control_Card/control_card_host_controller_application/arduino_json/ArduinoJson/Strings/Adapters/RamString.hpp:29:8:char ArduinoJson6192_71::ZeroTerminatedRamString::operator[](size_t) const	16	static
D:/ANTZ Systems/100_Acre_VIC_Water_Level_Monitoring_Control_Card/control_card_host_controller_application/arduino_json/ArduinoJson/Strings/Adapters/RamString.hpp:35:15:const char* ArduinoJson6192_71::ZeroTerminatedRamString::data() const	16	static
D:/ANTZ Systems/100_Acre_VIC_Water_Level_Monitoring_Control_Card/control_card_host_controller_application/arduino_json/ArduinoJson/Strings/Adapters/RamString.hpp:39:14:int ArduinoJson6192_71::stringCompare(ZeroTerminatedRamString, ZeroTerminatedRamString)	16	static
D:/ANTZ Systems/100_Acre_VIC_Water_Level_Monitoring_Control_Card/control_card_host_controller_application/arduino_json/ArduinoJson/Strings/Adapters/RamString.hpp:46:15:bool ArduinoJson6192_71::stringEquals(ZeroTerminatedRamString, ZeroTerminatedRamString)	16	static
D:/ANTZ Systems/100_Acre_VIC_Water_Level_Monitoring_Control_Card/control_card_host_controller_application/arduino_json/ArduinoJson/Strings/Adapters/RamString.hpp:58:32:ArduinoJson6192_71::ZeroTerminatedRamString ArduinoJson6192_71::adaptString(const char*)	24	static
D:/ANTZ Systems/100_Acre_VIC_Water_Level_Monitoring_Control_Card/control_card_host_controller_application/arduino_json/ArduinoJson/Strings/Adapters/RamString.hpp:80:3:ArduinoJson6192_71::SizedRamString::SizedRamString(const char*, size_t)	24	static
D:/ANTZ Systems/100_Acre_VIC_Water_Level_Monitoring_Control_Card/control_card_host_controller_application/arduino_json/ArduinoJson/Strings/Adapters/RamString.hpp:86:10:size_t ArduinoJson6192_71::SizedRamString::size() const	16	static
D:/ANTZ Systems/100_Acre_VIC_Water_Level_Monitoring_Control_Card/control_card_host_controller_application/arduino_json/ArduinoJson/Strings/Adapters/RamString.hpp:90:8:char ArduinoJson6192_71::SizedRamString::operator[](size_t) const	16	static
D:/ANTZ Systems/100_Acre_VIC_Water_Level_Monitoring_Control_Card/control_card_host_controller_application/arduino_json/ArduinoJson/Strings/Adapters/RamString.hpp:105:23:ArduinoJson6192_71::SizedRamString ArduinoJson6192_71::adaptString(const char*, size_t)	24	static
C:\ST\STM32CubeIDE_1.18.0\STM32CubeIDE\plugins\com.st.stm32cube.ide.mcu.externaltools.gnu-tools-for-stm32.13.3.rel1.win32_1.0.0.202411081344\tools\arm-none-eabi\include\c++\13.3.1\arm-none-eabi\thumb\v7e-m+dp\hard\bits\gthr-default.h:229:1:int __gthread_key_delete(__gthread_key_t)	16	static
D:/ANTZ Systems/100_Acre_VIC_Water_Level_Monitoring_Control_Card/control_card_host_controller_application/arduino_json/ArduinoJson/Strings/String.hpp:24:3:ArduinoJson6192_71::String::String(const char*, size_t, bool)	24	static
D:/ANTZ Systems/100_Acre_VIC_Water_Level_Monitoring_Control_Card/control_card_host_controller_application/arduino_json/ArduinoJson/Strings/String.hpp:27:15:const char* ArduinoJson6192_71::String::c_str() const	16	static
D:/ANTZ Systems/100_Acre_VIC_Water_Level_Monitoring_Control_Card/control_card_host_controller_application/arduino_json/ArduinoJson/Strings/String.hpp:35:8:bool ArduinoJson6192_71::String::isStatic() const	16	static
D:/ANTZ Systems/100_Acre_VIC_Water_Level_Monitoring_Control_Card/control_card_host_controller_application/arduino_json/ArduinoJson/Strings/String.hpp:39:10:size_t ArduinoJson6192_71::String::size() const	16	static
D:/ANTZ Systems/100_Acre_VIC_Water_Level_Monitoring_Control_Card/control_card_host_controller_application/arduino_json/ArduinoJson/Strings/String.hpp:44:3:ArduinoJson6192_71::String::operator ArduinoJson6192_71::SafeBoolIdom<ArduinoJson6192_71::String>::bool_type() const	16	static
D:/ANTZ Systems/100_Acre_VIC_Water_Level_Monitoring_Control_Card/control_card_host_controller_application/arduino_json/ArduinoJson/Variant/VariantSlot.hpp:32:16:ArduinoJson6192_71::VariantData* ArduinoJson6192_71::VariantSlot::data()	16	static
D:/ANTZ Systems/100_Acre_VIC_Water_Level_Monitoring_Control_Card/control_card_host_controller_application/arduino_json/ArduinoJson/Variant/VariantSlot.hpp:40:16:ArduinoJson6192_71::VariantSlot* ArduinoJson6192_71::VariantSlot::next()	16	static
D:/ANTZ Systems/100_Acre_VIC_Water_Level_Monitoring_Control_Card/control_card_host_controller_application/arduino_json/ArduinoJson/Variant/VariantSlot.hpp:62:8:void ArduinoJson6192_71::VariantSlot::setNext(ArduinoJson6192_71::VariantSlot*)	16	static
D:/ANTZ Systems/100_Acre_VIC_Water_Level_Monitoring_Control_Card/control_card_host_controller_application/arduino_json/ArduinoJson/Variant/VariantSlot.hpp:70:8:void ArduinoJson6192_71::VariantSlot::setNextNotNull(ArduinoJson6192_71::VariantSlot*)	16	static
D:/ANTZ Systems/100_Acre_VIC_Water_Level_Monitoring_Control_Card/control_card_host_controller_application/arduino_json/ArduinoJson/Variant/VariantSlot.hpp:79:8:void ArduinoJson6192_71::VariantSlot::setKey(ArduinoJson6192_71::String)	24	static
D:/ANTZ Systems/100_Acre_VIC_Water_Level_Monitoring_Control_Card/control_card_host_controller_application/arduino_json/ArduinoJson/Variant/VariantSlot.hpp:88:15:const char* ArduinoJson6192_71::VariantSlot::key() const	16	static
D:/ANTZ Systems/100_Acre_VIC_Water_Level_Monitoring_Control_Card/control_card_host_controller_application/arduino_json/ArduinoJson/Variant/VariantSlot.hpp:96:8:void ArduinoJson6192_71::VariantSlot::clear()	16	static
D:/ANTZ Systems/100_Acre_VIC_Water_Level_Monitoring_Control_Card/control_card_host_controller_application/arduino_json/ArduinoJson/Memory/MemoryPool.hpp:29:3:ArduinoJson6192_71::MemoryPool::MemoryPool(char*, size_t)	24	static
D:/ANTZ Systems/100_Acre_VIC_Water_Level_Monitoring_Control_Card/control_card_host_controller_application/arduino_json/ArduinoJson/Memory/MemoryPool.hpp:40:9:void* ArduinoJson6192_71::MemoryPool::buffer()	16	static
D:/ANTZ Systems/100_Acre_VIC_Water_Level_Monitoring_Control_Card/control_card_host_controller_application/arduino_json/ArduinoJson/Memory/MemoryPool.hpp:54:8:bool ArduinoJson6192_71::MemoryPool::overflowed() const	16	static
D:/ANTZ Systems/100_Acre_VIC_Water_Level_Monitoring_Control_Card/control_card_host_controller_application/arduino_json/ArduinoJson/Memory/MemoryPool.hpp:58:16:ArduinoJson6192_71::VariantSlot* ArduinoJson6192_71::MemoryPool::allocVariant()	16	static
D:/ANTZ Systems/100_Acre_VIC_Water_Level_Monitoring_Control_Card/control_card_host_controller_application/arduino_json/ArduinoJson/Memory/MemoryPool.hpp:112:8:bool ArduinoJson6192_71::MemoryPool::canAlloc(size_t) const	16	static
D:/ANTZ Systems/100_Acre_VIC_Water_Level_Monitoring_Control_Card/control_card_host_controller_application/arduino_json/ArduinoJson/Memory/MemoryPool.hpp:160:8:void ArduinoJson6192_71::MemoryPool::checkInvariants()	16	static
D:/ANTZ Systems/100_Acre_VIC_Water_Level_Monitoring_Control_Card/control_card_host_controller_application/arduino_json/ArduinoJson/Memory/MemoryPool.hpp:182:9:char* ArduinoJson6192_71::MemoryPool::allocString(size_t)	24	static
D:/ANTZ Systems/100_Acre_VIC_Water_Level_Monitoring_Control_Card/control_card_host_controller_application/arduino_json/ArduinoJson/Memory/MemoryPool.hpp:198:9:void* ArduinoJson6192_71::MemoryPool::allocRight(size_t)	16	static
D:/ANTZ Systems/100_Acre_VIC_Water_Level_Monitoring_Control_Card/control_card_host_controller_application/arduino_json/ArduinoJson/Variant/VariantData.hpp:36:8:void ArduinoJson6192_71::VariantData::init()	16	static
D:/ANTZ Systems/100_Acre_VIC_Water_Level_Monitoring_Control_Card/control_card_host_controller_application/arduino_json/ArduinoJson/Variant/VariantData.hpp:138:8:bool ArduinoJson6192_71::VariantData::isObject() const	16	static
D:/ANTZ Systems/100_Acre_VIC_Water_Level_Monitoring_Control_Card/control_card_host_controller_application/arduino_json/ArduinoJson/Variant/VariantData.hpp:142:8:bool ArduinoJson6192_71::VariantData::isNull() const	16	static
D:/ANTZ Systems/100_Acre_VIC_Water_Level_Monitoring_Control_Card/control_card_host_controller_application/arduino_json/ArduinoJson/Variant/VariantData.hpp:207:8:void ArduinoJson6192_71::VariantData::setNull()	16	static
D:/ANTZ Systems/100_Acre_VIC_Water_Level_Monitoring_Control_Card/control_card_host_controller_application/arduino_json/ArduinoJson/Variant/VariantData.hpp:211:8:void ArduinoJson6192_71::VariantData::setString(ArduinoJson6192_71::String)	24	static
D:/ANTZ Systems/100_Acre_VIC_Water_Level_Monitoring_Control_Card/control_card_host_controller_application/arduino_json/ArduinoJson/Variant/VariantData.hpp:227:19:ArduinoJson6192_71::CollectionData& ArduinoJson6192_71::VariantData::toObject()	16	static
D:/ANTZ Systems/100_Acre_VIC_Water_Level_Monitoring_Control_Card/control_card_host_controller_application/arduino_json/ArduinoJson/Variant/VariantData.hpp:298:11:uint8_t ArduinoJson6192_71::VariantData::type() const	16	static
D:/ANTZ Systems/100_Acre_VIC_Water_Level_Monitoring_Control_Card/control_card_host_controller_application/arduino_json/ArduinoJson/Variant/VariantData.hpp:314:8:void ArduinoJson6192_71::VariantData::setType(uint8_t)	16	static
D:/ANTZ Systems/100_Acre_VIC_Water_Level_Monitoring_Control_Card/control_card_host_controller_application/arduino_json/ArduinoJson/Variant/VariantData.hpp:320:5:ArduinoJson6192_71::VariantData::VariantStringSetter::VariantStringSetter(ArduinoJson6192_71::VariantData*)	16	static
D:/ANTZ Systems/100_Acre_VIC_Water_Level_Monitoring_Control_Card/control_card_host_controller_application/arduino_json/ArduinoJson/Variant/SlotFunctions.hpp:13:3:ArduinoJson6192_71::SlotKeySetter::SlotKeySetter(ArduinoJson6192_71::VariantSlot*)	16	static
D:/ANTZ Systems/100_Acre_VIC_Water_Level_Monitoring_Control_Card/control_card_host_controller_application/arduino_json/ArduinoJson/Strings/StoragePolicy.hpp:48:32:ArduinoJson6192_71::LinkStringStoragePolicy ArduinoJson6192_71::getStringStoragePolicy(const char*)	16	static
D:/ANTZ Systems/100_Acre_VIC_Water_Level_Monitoring_Control_Card/control_card_host_controller_application/arduino_json/ArduinoJson/Variant/VariantRef.hpp:226:22:ArduinoJson6192_71::MemoryPool* ArduinoJson6192_71::getPool(const VariantRef&)	16	static
D:/ANTZ Systems/100_Acre_VIC_Water_Level_Monitoring_Control_Card/control_card_host_controller_application/arduino_json/ArduinoJson/Variant/VariantRef.hpp:240:3:ArduinoJson6192_71::VariantConstRef::VariantConstRef(const ArduinoJson6192_71::VariantData*)	16	static
D:/ANTZ Systems/100_Acre_VIC_Water_Level_Monitoring_Control_Card/control_card_host_controller_application/arduino_json/ArduinoJson/Document/JsonDocument.hpp:90:15:ArduinoJson6192_71::MemoryPool& ArduinoJson6192_71::JsonDocument::memoryPool()	16	static
D:/ANTZ Systems/100_Acre_VIC_Water_Level_Monitoring_Control_Card/control_card_host_controller_application/arduino_json/ArduinoJson/Document/JsonDocument.hpp:315:3:ArduinoJson6192_71::JsonDocument::JsonDocument(ArduinoJson6192_71::MemoryPool)	24	static
D:/ANTZ Systems/100_Acre_VIC_Water_Level_Monitoring_Control_Card/control_card_host_controller_application/arduino_json/ArduinoJson/Document/JsonDocument.hpp:323:3:ArduinoJson6192_71::JsonDocument::~JsonDocument()	16	static
D:/ANTZ Systems/100_Acre_VIC_Water_Level_Monitoring_Control_Card/control_card_host_controller_application/arduino_json/ArduinoJson/Document/JsonDocument.hpp:333:19:ArduinoJson6192_71::VariantConstRef ArduinoJson6192_71::JsonDocument::getVariant() const	24	static
D:/ANTZ Systems/100_Acre_VIC_Water_Level_Monitoring_Control_Card/control_card_host_controller_application/arduino_json/ArduinoJson/Document/DynamicJsonDocument.hpp:14:9:void* ArduinoJson6192_71::DefaultAllocator::allocate(size_t)	16	static
D:/ANTZ Systems/100_Acre_VIC_Water_Level_Monitoring_Control_Card/control_card_host_controller_application/arduino_json/ArduinoJson/Document/DynamicJsonDocument.hpp:18:8:void ArduinoJson6192_71::DefaultAllocator::deallocate(void*)	16	static
D:/ANTZ Systems/100_Acre_VIC_Water_Level_Monitoring_Control_Card/control_card_host_controller_application/arduino_json/ArduinoJson/Collection/CollectionImpl.hpp:18:21:ArduinoJson6192_71::VariantSlot* ArduinoJson6192_71::CollectionData::addSlot(ArduinoJson6192_71::MemoryPool*)	24	static
D:/ANTZ Systems/100_Acre_VIC_Water_Level_Monitoring_Control_Card/control_card_host_controller_application/arduino_json/ArduinoJson/Collection/CollectionImpl.hpp:51:13:void ArduinoJson6192_71::CollectionData::clear()	16	static
D:/ANTZ Systems/100_Acre_VIC_Water_Level_Monitoring_Control_Card/control_card_host_controller_application/arduino_json/ArduinoJson/Collection/CollectionImpl.hpp:126:21:ArduinoJson6192_71::VariantSlot* ArduinoJson6192_71::CollectionData::getPreviousSlot(ArduinoJson6192_71::VariantSlot*) const	24	static
D:/ANTZ Systems/100_Acre_VIC_Water_Level_Monitoring_Control_Card/control_card_host_controller_application/arduino_json/ArduinoJson/Collection/CollectionImpl.hpp:179:13:void ArduinoJson6192_71::CollectionData::removeSlot(ArduinoJson6192_71::VariantSlot*)	24	static
D:/ANTZ Systems/100_Acre_VIC_Water_Level_Monitoring_Control_Card/control_card_host_controller_application/arduino_json/ArduinoJson/Json/EscapeSequence.hpp:14:15:static char ArduinoJson6192_71::EscapeSequence::escapeChar(char)	24	static
D:/ANTZ Systems/100_Acre_VIC_Water_Level_Monitoring_Control_Card/control_card_host_controller_application/arduino_json/ArduinoJson/Json/EscapeSequence.hpp:35:22:static const char* ArduinoJson6192_71::EscapeSequence::escapeTable(bool)	16	static
D:/ANTZ Systems/100_Acre_VIC_Water_Level_Monitoring_Control_Card/control_card_host_controller_application/arduino_json/ArduinoJson/Serialization/Writers/StaticStringWriter.hpp:13:3:ArduinoJson6192_71::StaticStringWriter::StaticStringWriter(char*, size_t)	24	static
D:/ANTZ Systems/100_Acre_VIC_Water_Level_Monitoring_Control_Card/control_card_host_controller_application/arduino_json/ArduinoJson/Serialization/Writers/StaticStringWriter.hpp:15:10:size_t ArduinoJson6192_71::StaticStringWriter::write(uint8_t)	16	static
D:/ANTZ Systems/100_Acre_VIC_Water_Level_Monitoring_Control_Card/control_card_host_controller_application/arduino_json/ArduinoJson/Serialization/Writers/StaticStringWriter.hpp:22:10:size_t ArduinoJson6192_71::StaticStringWriter::write(const uint8_t*, size_t)	32	static
D:/ANTZ Systems/100_Acre_VIC_Water_Level_Monitoring_Control_Card/control_card_host_controller_application/arduino_json/ArduinoJson/Variant/ConverterImpl.hpp:117:15:static void ArduinoJson6192_71::Converter<const char*>::toJson(const char*, ArduinoJson6192_71::VariantRef)	40	static
../Core/Src/uplink_management.cpp:32:1:next_message_to_send_t::next_message_to_send_t()	16	static
../Core/Src/uplink_management.cpp:37:1:next_message_to_send_t::~next_message_to_send_t()	16	static
../Core/Src/uplink_management.cpp:37:1:virtual next_message_to_send_t::~next_message_to_send_t()	16	static
../Core/Src/uplink_management.cpp:42:9:uint8_t next_message_to_send_t::load_default_values()	24	static
../Core/Src/uplink_management.cpp:51:9:uint8_t next_message_to_send_t::update()	24	static
../Core/Src/uplink_management.cpp:58:6:void next_message_to_send_t::get()	16	static
../Core/Src/uplink_management.cpp:66:10:uint16_t serialize_https_error_message(char*, uint16_t)	400	static
../Core/Src/uplink_management.cpp:85:10:uint16_t serialize_startup_packet(char*, uint16_t)	1744	static
../Core/Src/uplink_management.cpp:181:10:uint16_t serialize_health_packet(char*, uint16_t)	1736	static
../Core/Src/uplink_management.cpp:276:10:uint16_t serialize_set_config_ack_packet(char*, uint16_t)	1104	static
../Core/Src/uplink_management.cpp:354:10:uint16_t serialize_get_config_ack_packet(char*, uint16_t)	1048	static
../Core/Src/uplink_management.cpp:444:10:uint16_t serialize_configure_apn_ack_packet(char*, uint16_t)	360	static
../Core/Src/uplink_management.cpp:495:10:uint16_t serialize_reboot_ack_packet(char*, uint16_t)	232	static
../Core/Src/uplink_management.cpp:532:10:uint16_t serialize_reset_to_factory_defaults_ack_packet(char*, uint16_t)	232	static
../Core/Src/uplink_management.cpp:569:10:uint16_t serialize_turn_off_edge_device_ack_packet(char*, uint16_t)	232	static
../Core/Src/uplink_management.cpp:606:10:uint16_t serialize_smart_night_cell_data_payload_packet(char*, uint16_t)	872	static
../Core/Src/uplink_management.cpp:682:10:uint16_t serialize_set_lorawan_config_ack_packet(char*, uint16_t)	736	static
../Core/Src/uplink_management.cpp:754:10:uint16_t serialize_set_lorawan_config_nack_packet(char*, uint16_t)	736	static
../Core/Src/uplink_management.cpp:826:10:uint16_t serialize_configure_mqtt_endpoint_ack_packet(char*, uint16_t)	648	static
../Core/Src/uplink_management.cpp:848:10:uint16_t serialize_configure_mqtt_endpoint_nack_packet(char*, uint16_t)	648	static
../Core/Src/uplink_management.cpp:870:9:uint8_t clear_next_message_flags()	16	static
../Core/Src/uplink_management.cpp:971:10:uint16_t check_if_any_uplink_to_be_published(char*, uint16_t)	24	static
D:/ANTZ Systems/100_Acre_VIC_Water_Level_Monitoring_Control_Card/control_card_host_controller_application/arduino_json/ArduinoJson/Misc/SafeBoolIdiom.hpp:17:20:static void (T::* ArduinoJson6192_71::SafeBoolIdom<T>::safe_true())() const [with T = ArduinoJson6192_71::String]	16	static
D:/ANTZ Systems/100_Acre_VIC_Water_Level_Monitoring_Control_Card/control_card_host_controller_application/arduino_json/ArduinoJson/Misc/SafeBoolIdiom.hpp:21:20:static void (T::* ArduinoJson6192_71::SafeBoolIdom<T>::safe_false())() const [with T = ArduinoJson6192_71::String]	16	static
D:/ANTZ Systems/100_Acre_VIC_Water_Level_Monitoring_Control_Card/control_card_host_controller_application/arduino_json/ArduinoJson/Memory/MemoryPool.hpp:194:6:T* ArduinoJson6192_71::MemoryPool::allocRight() [with T = ArduinoJson6192_71::VariantSlot]	16	static
D:/ANTZ Systems/100_Acre_VIC_Water_Level_Monitoring_Control_Card/control_card_host_controller_application/arduino_json/ArduinoJson/Variant/VariantRef.hpp:52:3:ArduinoJson6192_71::VariantRefBase<TData>::VariantRefBase(TData*) [with TData = ArduinoJson6192_71::VariantData]	16	static
D:/ANTZ Systems/100_Acre_VIC_Water_Level_Monitoring_Control_Card/control_card_host_controller_application/arduino_json/ArduinoJson/Variant/VariantRef.hpp:52:3:ArduinoJson6192_71::VariantRefBase<TData>::VariantRefBase(TData*) [with TData = const ArduinoJson6192_71::VariantData]	16	static
D:/ANTZ Systems/100_Acre_VIC_Water_Level_Monitoring_Control_Card/control_card_host_controller_application/arduino_json/ArduinoJson/Variant/VariantRef.hpp:55:17:ArduinoJson6192_71::VariantData* ArduinoJson6192_71::getData(const VariantRefBase<VariantData>&)	16	static
D:/ANTZ Systems/100_Acre_VIC_Water_Level_Monitoring_Control_Card/control_card_host_controller_application/arduino_json/ArduinoJson/Variant/VariantFunctions.hpp:54:13:bool ArduinoJson6192_71::variantSetString(VariantData*, TAdaptedString, MemoryPool*, TStoragePolicy) [with TAdaptedString = ZeroTerminatedRamString; TStoragePolicy = LinkStringStoragePolicy]	32	static
D:/ANTZ Systems/100_Acre_VIC_Water_Level_Monitoring_Control_Card/control_card_host_controller_application/arduino_json/ArduinoJson/Document/BasicJsonDocument.hpp:43:12:ArduinoJson6192_71::BasicJsonDocument<TAllocator>::BasicJsonDocument(size_t, TAllocator) [with TAllocator = ArduinoJson6192_71::DefaultAllocator]	64	static
D:/ANTZ Systems/100_Acre_VIC_Water_Level_Monitoring_Control_Card/control_card_host_controller_application/arduino_json/ArduinoJson/Document/BasicJsonDocument.hpp:82:3:ArduinoJson6192_71::BasicJsonDocument<TAllocator>::~BasicJsonDocument() [with TAllocator = ArduinoJson6192_71::DefaultAllocator]	16	static
D:/ANTZ Systems/100_Acre_VIC_Water_Level_Monitoring_Control_Card/control_card_host_controller_application/arduino_json/ArduinoJson/Json/JsonSerializer.hpp:125:8:size_t ArduinoJson6192_71::serializeJson(const TSource&, void*, size_t) [with TSource = BasicJsonDocument<DefaultAllocator>]	24	static
D:/ANTZ Systems/100_Acre_VIC_Water_Level_Monitoring_Control_Card/control_card_host_controller_application/arduino_json/ArduinoJson/Misc/SafeBoolIdiom.hpp:15:8:void ArduinoJson6192_71::SafeBoolIdom<T>::safeBoolHelper() const [with T = ArduinoJson6192_71::String]	16	static
D:/ANTZ Systems/100_Acre_VIC_Water_Level_Monitoring_Control_Card/control_card_host_controller_application/arduino_json/ArduinoJson/Collection/CollectionImpl.hpp:108:21:ArduinoJson6192_71::VariantSlot* ArduinoJson6192_71::CollectionData::getSlot(TAdaptedString) const [with TAdaptedString = ArduinoJson6192_71::ZeroTerminatedRamString]	24	static
D:/ANTZ Systems/100_Acre_VIC_Water_Level_Monitoring_Control_Card/control_card_host_controller_application/arduino_json/ArduinoJson/Variant/VariantData.hpp:303:15:bool ArduinoJson6192_71::VariantData::storeString(TAdaptedString, ArduinoJson6192_71::MemoryPool*, TStoragePolicy) [with TAdaptedString = ArduinoJson6192_71::ZeroTerminatedRamString; TStoragePolicy = ArduinoJson6192_71::LinkStringStoragePolicy]	32	static
D:/ANTZ Systems/100_Acre_VIC_Water_Level_Monitoring_Control_Card/control_card_host_controller_application/arduino_json/ArduinoJson/Numbers/FloatTraits.hpp:126:12:static T ArduinoJson6192_71::FloatTraits<T, 8>::forge(uint32_t, uint32_t) [with T = double]	40	static
D:/ANTZ Systems/100_Acre_VIC_Water_Level_Monitoring_Control_Card/control_card_host_controller_application/arduino_json/ArduinoJson/Numbers/FloatTraits.hpp:50:12:static T ArduinoJson6192_71::FloatTraits<T, 8>::positiveBinaryPowerOfTen(int) [with T = double]	16	static
D:/ANTZ Systems/100_Acre_VIC_Water_Level_Monitoring_Control_Card/control_card_host_controller_application/arduino_json/ArduinoJson/Numbers/FloatTraits.hpp:69:12:static T ArduinoJson6192_71::FloatTraits<T, 8>::negativeBinaryPowerOfTen(int) [with T = double]	16	static
D:/ANTZ Systems/100_Acre_VIC_Water_Level_Monitoring_Control_Card/control_card_host_controller_application/arduino_json/ArduinoJson/Document/BasicJsonDocument.hpp:135:14:ArduinoJson6192_71::MemoryPool ArduinoJson6192_71::BasicJsonDocument<TAllocator>::allocPool(size_t) [with TAllocator = ArduinoJson6192_71::DefaultAllocator]	32	static
D:/ANTZ Systems/100_Acre_VIC_Water_Level_Monitoring_Control_Card/control_card_host_controller_application/arduino_json/ArduinoJson/Document/BasicJsonDocument.hpp:17:3:ArduinoJson6192_71::AllocatorOwner<TAllocator>::AllocatorOwner(TAllocator) [with TAllocator = ArduinoJson6192_71::DefaultAllocator]	16	static
D:/ANTZ Systems/100_Acre_VIC_Water_Level_Monitoring_Control_Card/control_card_host_controller_application/arduino_json/ArduinoJson/Document/BasicJsonDocument.hpp:148:8:void ArduinoJson6192_71::BasicJsonDocument<TAllocator>::freePool() [with TAllocator = ArduinoJson6192_71::DefaultAllocator]	24	static
D:/ANTZ Systems/100_Acre_VIC_Water_Level_Monitoring_Control_Card/control_card_host_controller_application/arduino_json/ArduinoJson/Serialization/serialize.hpp:34:1:typename ArduinoJson6192_71::enable_if<TSerializer<ArduinoJson6192_71::StaticStringWriter>::producesText, unsigned int>::type ArduinoJson6192_71::serialize(const TSource&, void*, size_t) [with TSerializer = JsonSerializer; TSource = BasicJsonDocument<DefaultAllocator>]	40	static
D:/ANTZ Systems/100_Acre_VIC_Water_Level_Monitoring_Control_Card/control_card_host_controller_application/arduino_json/ArduinoJson/Strings/StoragePolicy.hpp:14:8:bool ArduinoJson6192_71::LinkStringStoragePolicy::store(TAdaptedString, ArduinoJson6192_71::MemoryPool*, TCallback) [with TAdaptedString = ArduinoJson6192_71::ZeroTerminatedRamString; TCallback = ArduinoJson6192_71::VariantData::VariantStringSetter]	48	static
D:/ANTZ Systems/100_Acre_VIC_Water_Level_Monitoring_Control_Card/control_card_host_controller_application/arduino_json/ArduinoJson/Polyfills/alias_cast.hpp:24:3:T ArduinoJson6192_71::alias_cast(F) [with T = double; F = long long unsigned int]	24	static
D:/ANTZ Systems/100_Acre_VIC_Water_Level_Monitoring_Control_Card/control_card_host_controller_application/arduino_json/ArduinoJson/Strings/StringAdapters.hpp:81:13:void ArduinoJson6192_71::stringGetChars(TAdaptedString, char*, size_t) [with TAdaptedString = SizedRamString]	40	static
D:/ANTZ Systems/100_Acre_VIC_Water_Level_Monitoring_Control_Card/control_card_host_controller_application/arduino_json/ArduinoJson/Document/BasicJsonDocument.hpp:19:9:void* ArduinoJson6192_71::AllocatorOwner<TAllocator>::allocate(size_t) [with TAllocator = ArduinoJson6192_71::DefaultAllocator]	16	static
D:/ANTZ Systems/100_Acre_VIC_Water_Level_Monitoring_Control_Card/control_card_host_controller_application/arduino_json/ArduinoJson/Document/BasicJsonDocument.hpp:23:8:void ArduinoJson6192_71::AllocatorOwner<TAllocator>::deallocate(void*) [with TAllocator = ArduinoJson6192_71::DefaultAllocator]	16	static
D:/ANTZ Systems/100_Acre_VIC_Water_Level_Monitoring_Control_Card/control_card_host_controller_application/arduino_json/ArduinoJson/Variant/ConverterImpl.hpp:15:15:static void ArduinoJson6192_71::Converter<T, Enable>::toJson(const T&, ArduinoJson6192_71::VariantRef) [with T = char*; Enable = void]	24	static
D:/ANTZ Systems/100_Acre_VIC_Water_Level_Monitoring_Control_Card/control_card_host_controller_application/arduino_json/ArduinoJson/Variant/ConverterImpl.hpp:41:15:static void ArduinoJson6192_71::Converter<T, typename ArduinoJson6192_71::enable_if<((ArduinoJson6192_71::is_integral<T>::value && (! ArduinoJson6192_71::is_same<bool, T>::value)) && (! ArduinoJson6192_71::is_same<char, T>::value))>::type>::toJson(T, ArduinoJson6192_71::VariantRef) [with T = long unsigned int]	32	static
D:/ANTZ Systems/100_Acre_VIC_Water_Level_Monitoring_Control_Card/control_card_host_controller_application/arduino_json/ArduinoJson/Variant/ConverterImpl.hpp:41:15:static void ArduinoJson6192_71::Converter<T, typename ArduinoJson6192_71::enable_if<((ArduinoJson6192_71::is_integral<T>::value && (! ArduinoJson6192_71::is_same<bool, T>::value)) && (! ArduinoJson6192_71::is_same<char, T>::value))>::type>::toJson(T, ArduinoJson6192_71::VariantRef) [with T = short unsigned int]	32	static
D:/ANTZ Systems/100_Acre_VIC_Water_Level_Monitoring_Control_Card/control_card_host_controller_application/arduino_json/ArduinoJson/Serialization/serialize.hpp:13:8:size_t ArduinoJson6192_71::doSerialize(const TSource&, TWriter) [with TSerializer = JsonSerializer; TSource = BasicJsonDocument<DefaultAllocator>; TWriter = StaticStringWriter]	40	static
D:/ANTZ Systems/100_Acre_VIC_Water_Level_Monitoring_Control_Card/control_card_host_controller_application/arduino_json/ArduinoJson/Variant/ConverterImpl.hpp:41:15:static void ArduinoJson6192_71::Converter<T, typename ArduinoJson6192_71::enable_if<((ArduinoJson6192_71::is_integral<T>::value && (! ArduinoJson6192_71::is_same<bool, T>::value)) && (! ArduinoJson6192_71::is_same<char, T>::value))>::type>::toJson(T, ArduinoJson6192_71::VariantRef) [with T = unsigned char]	32	static
D:/ANTZ Systems/100_Acre_VIC_Water_Level_Monitoring_Control_Card/control_card_host_controller_application/arduino_json/ArduinoJson/Variant/ConverterImpl.hpp:41:15:static void ArduinoJson6192_71::Converter<T, typename ArduinoJson6192_71::enable_if<((ArduinoJson6192_71::is_integral<T>::value && (! ArduinoJson6192_71::is_same<bool, T>::value)) && (! ArduinoJson6192_71::is_same<char, T>::value))>::type>::toJson(T, ArduinoJson6192_71::VariantRef) [with T = int]	32	static
D:/ANTZ Systems/100_Acre_VIC_Water_Level_Monitoring_Control_Card/control_card_host_controller_application/arduino_json/ArduinoJson/Variant/ConverterImpl.hpp:41:15:static void ArduinoJson6192_71::Converter<T, typename ArduinoJson6192_71::enable_if<((ArduinoJson6192_71::is_integral<T>::value && (! ArduinoJson6192_71::is_same<bool, T>::value)) && (! ArduinoJson6192_71::is_same<char, T>::value))>::type>::toJson(T, ArduinoJson6192_71::VariantRef) [with T = short int]	32	static
D:/ANTZ Systems/100_Acre_VIC_Water_Level_Monitoring_Control_Card/control_card_host_controller_application/arduino_json/ArduinoJson/Variant/VariantData.hpp:323:10:void ArduinoJson6192_71::VariantData::VariantStringSetter::operator()(TStoredString) [with TStoredString = ArduinoJson6192_71::String]	32	static
D:/ANTZ Systems/100_Acre_VIC_Water_Level_Monitoring_Control_Card/control_card_host_controller_application/arduino_json/ArduinoJson/Variant/VariantData.hpp:282:16:ArduinoJson6192_71::VariantData* ArduinoJson6192_71::VariantData::getOrAddMember(TAdaptedString, ArduinoJson6192_71::MemoryPool*, TStoragePolicy) [with TAdaptedString = ArduinoJson6192_71::ZeroTerminatedRamString; TStoragePolicy = ArduinoJson6192_71::LinkStringStoragePolicy]	32	static
D:/ANTZ Systems/100_Acre_VIC_Water_Level_Monitoring_Control_Card/control_card_host_controller_application/arduino_json/ArduinoJson/Variant/ConverterImpl.hpp:152:59:typename ArduinoJson6192_71::enable_if<ArduinoJson6192_71::IsString<TString, void>::value, bool>::type ArduinoJson6192_71::convertToJson(const T&, VariantRef) [with T = char*]	40	static
D:/ANTZ Systems/100_Acre_VIC_Water_Level_Monitoring_Control_Card/control_card_host_controller_application/arduino_json/ArduinoJson/Variant/VariantData.hpp:196:51:typename ArduinoJson6192_71::enable_if<ArduinoJson6192_71::is_unsigned<T>::value>::type ArduinoJson6192_71::VariantData::setInteger(T) [with T = long unsigned int]	24	static
D:/ANTZ Systems/100_Acre_VIC_Water_Level_Monitoring_Control_Card/control_card_host_controller_application/arduino_json/ArduinoJson/Variant/VariantData.hpp:196:51:typename ArduinoJson6192_71::enable_if<ArduinoJson6192_71::is_unsigned<T>::value>::type ArduinoJson6192_71::VariantData::setInteger(T) [with T = short unsigned int]	24	static
D:/ANTZ Systems/100_Acre_VIC_Water_Level_Monitoring_Control_Card/control_card_host_controller_application/arduino_json/ArduinoJson/Json/JsonSerializer.hpp:20:3:ArduinoJson6192_71::JsonSerializer<TWriter>::JsonSerializer(TWriter) [with TWriter = ArduinoJson6192_71::StaticStringWriter]	24	static
D:/ANTZ Systems/100_Acre_VIC_Water_Level_Monitoring_Control_Card/control_card_host_controller_application/arduino_json/ArduinoJson/Document/JsonDocument.hpp:20:34:typename TVisitor::result_type ArduinoJson6192_71::JsonDocument::accept(TVisitor&) const [with TVisitor = ArduinoJson6192_71::JsonSerializer<ArduinoJson6192_71::StaticStringWriter>]	24	static
D:/ANTZ Systems/100_Acre_VIC_Water_Level_Monitoring_Control_Card/control_card_host_controller_application/arduino_json/ArduinoJson/Variant/VariantData.hpp:196:51:typename ArduinoJson6192_71::enable_if<ArduinoJson6192_71::is_unsigned<T>::value>::type ArduinoJson6192_71::VariantData::setInteger(T) [with T = unsigned char]	24	static
D:/ANTZ Systems/100_Acre_VIC_Water_Level_Monitoring_Control_Card/control_card_host_controller_application/arduino_json/ArduinoJson/Variant/VariantData.hpp:202:49:typename ArduinoJson6192_71::enable_if<ArduinoJson6192_71::is_signed<T>::value>::type ArduinoJson6192_71::VariantData::setInteger(T) [with T = int]	24	static
D:/ANTZ Systems/100_Acre_VIC_Water_Level_Monitoring_Control_Card/control_card_host_controller_application/arduino_json/ArduinoJson/Variant/VariantData.hpp:202:49:typename ArduinoJson6192_71::enable_if<ArduinoJson6192_71::is_signed<T>::value>::type ArduinoJson6192_71::VariantData::setInteger(T) [with T = short int]	24	static
D:/ANTZ Systems/100_Acre_VIC_Water_Level_Monitoring_Control_Card/control_card_host_controller_application/arduino_json/ArduinoJson/Variant/SlotFunctions.hpp:16:8:void ArduinoJson6192_71::SlotKeySetter::operator()(TStoredString) [with TStoredString = ArduinoJson6192_71::String]	32	static
D:/ANTZ Systems/100_Acre_VIC_Water_Level_Monitoring_Control_Card/control_card_host_controller_application/arduino_json/ArduinoJson/Collection/CollectionImpl.hpp:144:21:ArduinoJson6192_71::VariantData* ArduinoJson6192_71::CollectionData::getOrAddMember(TAdaptedString, ArduinoJson6192_71::MemoryPool*, TStoragePolicy) [with TAdaptedString = ArduinoJson6192_71::ZeroTerminatedRamString; TStoragePolicy = ArduinoJson6192_71::LinkStringStoragePolicy]	40	static
D:/ANTZ Systems/100_Acre_VIC_Water_Level_Monitoring_Control_Card/control_card_host_controller_application/arduino_json/ArduinoJson/Strings/StoragePolicy.hpp:44:32:ArduinoJson6192_71::CopyStringStoragePolicy ArduinoJson6192_71::getStringStoragePolicy(const T&) [with T = char*]	16	static
D:/ANTZ Systems/100_Acre_VIC_Water_Level_Monitoring_Control_Card/control_card_host_controller_application/arduino_json/ArduinoJson/Variant/VariantFunctions.hpp:54:13:bool ArduinoJson6192_71::variantSetString(VariantData*, TAdaptedString, MemoryPool*, TStoragePolicy) [with TAdaptedString = ZeroTerminatedRamString; TStoragePolicy = CopyStringStoragePolicy]	32	static
D:/ANTZ Systems/100_Acre_VIC_Water_Level_Monitoring_Control_Card/control_card_host_controller_application/arduino_json/ArduinoJson/Json/TextFormatter.hpp:23:12:ArduinoJson6192_71::TextFormatter<TWriter>::TextFormatter(TWriter) [with TWriter = ArduinoJson6192_71::StaticStringWriter]	24	static
D:/ANTZ Systems/100_Acre_VIC_Water_Level_Monitoring_Control_Card/control_card_host_controller_application/arduino_json/ArduinoJson/Variant/VariantRef.hpp:244:34:typename TVisitor::result_type ArduinoJson6192_71::VariantConstRef::accept(TVisitor&) const [with TVisitor = ArduinoJson6192_71::JsonSerializer<ArduinoJson6192_71::StaticStringWriter>]	16	static
D:/ANTZ Systems/100_Acre_VIC_Water_Level_Monitoring_Control_Card/control_card_host_controller_application/arduino_json/ArduinoJson/Collection/CollectionImpl.hpp:40:21:ArduinoJson6192_71::VariantData* ArduinoJson6192_71::CollectionData::addMember(TAdaptedString, ArduinoJson6192_71::MemoryPool*, TStoragePolicy) [with TAdaptedString = ArduinoJson6192_71::ZeroTerminatedRamString; TStoragePolicy = ArduinoJson6192_71::LinkStringStoragePolicy]	40	static
D:/ANTZ Systems/100_Acre_VIC_Water_Level_Monitoring_Control_Card/control_card_host_controller_application/arduino_json/ArduinoJson/Variant/VariantData.hpp:303:15:bool ArduinoJson6192_71::VariantData::storeString(TAdaptedString, ArduinoJson6192_71::MemoryPool*, TStoragePolicy) [with TAdaptedString = ArduinoJson6192_71::ZeroTerminatedRamString; TStoragePolicy = ArduinoJson6192_71::CopyStringStoragePolicy]	32	static
D:/ANTZ Systems/100_Acre_VIC_Water_Level_Monitoring_Control_Card/control_card_host_controller_application/arduino_json/ArduinoJson/Serialization/CountingDecorator.hpp:14:12:ArduinoJson6192_71::CountingDecorator<TWriter>::CountingDecorator(TWriter&) [with TWriter = ArduinoJson6192_71::StaticStringWriter]	16	static
D:/ANTZ Systems/100_Acre_VIC_Water_Level_Monitoring_Control_Card/control_card_host_controller_application/arduino_json/ArduinoJson/Variant/VariantFunctions.hpp:14:39:typename TVisitor::result_type ArduinoJson6192_71::variantAccept(const VariantData*, TVisitor&) [with TVisitor = JsonSerializer<StaticStringWriter>]	16	static
D:/ANTZ Systems/100_Acre_VIC_Water_Level_Monitoring_Control_Card/control_card_host_controller_application/arduino_json/ArduinoJson/Variant/SlotFunctions.hpp:27:13:bool ArduinoJson6192_71::slotSetKey(VariantSlot*, TAdaptedString, MemoryPool*, TStoragePolicy) [with TAdaptedString = ZeroTerminatedRamString; TStoragePolicy = LinkStringStoragePolicy]	32	static
D:/ANTZ Systems/100_Acre_VIC_Water_Level_Monitoring_Control_Card/control_card_host_controller_application/arduino_json/ArduinoJson/Variant/VariantImpl.hpp:174:6:bool ArduinoJson6192_71::CopyStringStoragePolicy::store(TAdaptedString, ArduinoJson6192_71::MemoryPool*, TCallback) [with TAdaptedString = ArduinoJson6192_71::ZeroTerminatedRamString; TCallback = ArduinoJson6192_71::VariantData::VariantStringSetter]	40	static
D:/ANTZ Systems/100_Acre_VIC_Water_Level_Monitoring_Control_Card/control_card_host_controller_application/arduino_json/ArduinoJson/Variant/VariantData.hpp:41:34:typename TVisitor::result_type ArduinoJson6192_71::VariantData::accept(TVisitor&) const [with TVisitor = ArduinoJson6192_71::JsonSerializer<ArduinoJson6192_71::StaticStringWriter>]	32	static
D:/ANTZ Systems/100_Acre_VIC_Water_Level_Monitoring_Control_Card/control_card_host_controller_application/arduino_json/ArduinoJson/Json/JsonSerializer.hpp:97:10:size_t ArduinoJson6192_71::JsonSerializer<TWriter>::visitNull() [with TWriter = ArduinoJson6192_71::StaticStringWriter]	16	static
D:/ANTZ Systems/100_Acre_VIC_Water_Level_Monitoring_Control_Card/control_card_host_controller_application/arduino_json/ArduinoJson/Strings/StoragePolicy.hpp:14:8:bool ArduinoJson6192_71::LinkStringStoragePolicy::store(TAdaptedString, ArduinoJson6192_71::MemoryPool*, TCallback) [with TAdaptedString = ArduinoJson6192_71::ZeroTerminatedRamString; TCallback = ArduinoJson6192_71::SlotKeySetter]	48	static
D:/ANTZ Systems/100_Acre_VIC_Water_Level_Monitoring_Control_Card/control_card_host_controller_application/arduino_json/ArduinoJson/Memory/MemoryPool.hpp:63:15:const char* ArduinoJson6192_71::MemoryPool::saveString(TAdaptedString) [with TAdaptedString = ArduinoJson6192_71::ZeroTerminatedRamString]	32	static
D:/ANTZ Systems/100_Acre_VIC_Water_Level_Monitoring_Control_Card/control_card_host_controller_application/arduino_json/ArduinoJson/Json/JsonSerializer.hpp:62:10:size_t ArduinoJson6192_71::JsonSerializer<TWriter>::visitFloat(ArduinoJson6192_71::Float) [with TWriter = ArduinoJson6192_71::StaticStringWriter]	24	static
D:/ANTZ Systems/100_Acre_VIC_Water_Level_Monitoring_Control_Card/control_card_host_controller_application/arduino_json/ArduinoJson/Json/JsonSerializer.hpp:41:10:size_t ArduinoJson6192_71::JsonSerializer<TWriter>::visitObject(const ArduinoJson6192_71::CollectionData&) [with TWriter = ArduinoJson6192_71::StaticStringWriter]	32	static
D:/ANTZ Systems/100_Acre_VIC_Water_Level_Monitoring_Control_Card/control_card_host_controller_application/arduino_json/ArduinoJson/Json/JsonSerializer.hpp:72:10:size_t ArduinoJson6192_71::JsonSerializer<TWriter>::visitString(const char*, size_t) [with TWriter = ArduinoJson6192_71::StaticStringWriter]	24	static
D:/ANTZ Systems/100_Acre_VIC_Water_Level_Monitoring_Control_Card/control_card_host_controller_application/arduino_json/ArduinoJson/Json/JsonSerializer.hpp:77:10:size_t ArduinoJson6192_71::JsonSerializer<TWriter>::visitRawJson(const char*, size_t) [with TWriter = ArduinoJson6192_71::StaticStringWriter]	24	static
D:/ANTZ Systems/100_Acre_VIC_Water_Level_Monitoring_Control_Card/control_card_host_controller_application/arduino_json/ArduinoJson/Json/JsonSerializer.hpp:82:10:size_t ArduinoJson6192_71::JsonSerializer<TWriter>::visitSignedInteger(ArduinoJson6192_71::Integer) [with TWriter = ArduinoJson6192_71::StaticStringWriter]	24	static
D:/ANTZ Systems/100_Acre_VIC_Water_Level_Monitoring_Control_Card/control_card_host_controller_application/arduino_json/ArduinoJson/Json/JsonSerializer.hpp:87:10:size_t ArduinoJson6192_71::JsonSerializer<TWriter>::visitUnsignedInteger(ArduinoJson6192_71::UInt) [with TWriter = ArduinoJson6192_71::StaticStringWriter]	24	static
D:/ANTZ Systems/100_Acre_VIC_Water_Level_Monitoring_Control_Card/control_card_host_controller_application/arduino_json/ArduinoJson/Json/JsonSerializer.hpp:92:10:size_t ArduinoJson6192_71::JsonSerializer<TWriter>::visitBoolean(bool) [with TWriter = ArduinoJson6192_71::StaticStringWriter]	16	static
D:/ANTZ Systems/100_Acre_VIC_Water_Level_Monitoring_Control_Card/control_card_host_controller_application/arduino_json/ArduinoJson/Json/TextFormatter.hpp:144:8:void ArduinoJson6192_71::TextFormatter<TWriter>::writeRaw(const char*) [with TWriter = ArduinoJson6192_71::StaticStringWriter]	24	static
D:/ANTZ Systems/100_Acre_VIC_Water_Level_Monitoring_Control_Card/control_card_host_controller_application/arduino_json/ArduinoJson/Json/JsonSerializer.hpp:103:10:size_t ArduinoJson6192_71::JsonSerializer<TWriter>::bytesWritten() const [with TWriter = ArduinoJson6192_71::StaticStringWriter]	16	static
D:/ANTZ Systems/100_Acre_VIC_Water_Level_Monitoring_Control_Card/control_card_host_controller_application/arduino_json/ArduinoJson/Polyfills/math.hpp:16:6:bool ArduinoJson6192_71::isnan(T) [with T = double]	16	static
D:/ANTZ Systems/100_Acre_VIC_Water_Level_Monitoring_Control_Card/control_card_host_controller_application/arduino_json/ArduinoJson/Polyfills/math.hpp:23:6:bool ArduinoJson6192_71::isinf(T) [with T = double]	16	static
D:/ANTZ Systems/100_Acre_VIC_Water_Level_Monitoring_Control_Card/control_card_host_controller_application/arduino_json/ArduinoJson/Numbers/FloatParts.hpp:20:3:ArduinoJson6192_71::FloatParts<TFloat>::FloatParts(TFloat) [with TFloat = double]	40	static
D:/ANTZ Systems/100_Acre_VIC_Water_Level_Monitoring_Control_Card/control_card_host_controller_application/arduino_json/ArduinoJson/Memory/MemoryPool.hpp:169:15:const char* ArduinoJson6192_71::MemoryPool::findString(const TAdaptedString&) const [with TAdaptedString = ArduinoJson6192_71::ZeroTerminatedRamString]	32	static
D:/ANTZ Systems/100_Acre_VIC_Water_Level_Monitoring_Control_Card/control_card_host_controller_application/arduino_json/ArduinoJson/Strings/StringAdapters.hpp:81:13:void ArduinoJson6192_71::stringGetChars(TAdaptedString, char*, size_t) [with TAdaptedString = ZeroTerminatedRamString]	40	static
D:/ANTZ Systems/100_Acre_VIC_Water_Level_Monitoring_Control_Card/control_card_host_controller_application/arduino_json/ArduinoJson/Json/TextFormatter.hpp:64:8:void ArduinoJson6192_71::TextFormatter<TWriter>::writeFloat(T) [with T = double; TWriter = ArduinoJson6192_71::StaticStringWriter]	40	static
D:/ANTZ Systems/100_Acre_VIC_Water_Level_Monitoring_Control_Card/control_card_host_controller_application/arduino_json/ArduinoJson/Json/JsonSerializer.hpp:107:8:void ArduinoJson6192_71::JsonSerializer<TWriter>::write(char) [with TWriter = ArduinoJson6192_71::StaticStringWriter]	16	static
D:/ANTZ Systems/100_Acre_VIC_Water_Level_Monitoring_Control_Card/control_card_host_controller_application/arduino_json/ArduinoJson/Json/TextFormatter.hpp:37:8:void ArduinoJson6192_71::TextFormatter<TWriter>::writeString(const char*) [with TWriter = ArduinoJson6192_71::StaticStringWriter]	16	static
D:/ANTZ Systems/100_Acre_VIC_Water_Level_Monitoring_Control_Card/control_card_host_controller_application/arduino_json/ArduinoJson/Json/TextFormatter.hpp:44:8:void ArduinoJson6192_71::TextFormatter<TWriter>::writeString(const char*, size_t) [with TWriter = ArduinoJson6192_71::StaticStringWriter]	24	static
D:/ANTZ Systems/100_Acre_VIC_Water_Level_Monitoring_Control_Card/control_card_host_controller_application/arduino_json/ArduinoJson/Json/TextFormatter.hpp:148:8:void ArduinoJson6192_71::TextFormatter<TWriter>::writeRaw(const char*, size_t) [with TWriter = ArduinoJson6192_71::StaticStringWriter]	24	static
D:/ANTZ Systems/100_Acre_VIC_Water_Level_Monitoring_Control_Card/control_card_host_controller_application/arduino_json/ArduinoJson/Json/TextFormatter.hpp:99:49:typename ArduinoJson6192_71::enable_if<ArduinoJson6192_71::is_signed<T>::value>::type ArduinoJson6192_71::TextFormatter<TWriter>::writeInteger(T) [with T = long long int; TWriter = ArduinoJson6192_71::StaticStringWriter]	40	static
D:/ANTZ Systems/100_Acre_VIC_Water_Level_Monitoring_Control_Card/control_card_host_controller_application/arduino_json/ArduinoJson/Json/TextFormatter.hpp:112:51:typename ArduinoJson6192_71::enable_if<ArduinoJson6192_71::is_unsigned<T>::value>::type ArduinoJson6192_71::TextFormatter<TWriter>::writeInteger(T) [with T = long long unsigned int; TWriter = ArduinoJson6192_71::StaticStringWriter]	56	static
D:/ANTZ Systems/100_Acre_VIC_Water_Level_Monitoring_Control_Card/control_card_host_controller_application/arduino_json/ArduinoJson/Json/TextFormatter.hpp:30:8:void ArduinoJson6192_71::TextFormatter<TWriter>::writeBoolean(bool) [with TWriter = ArduinoJson6192_71::StaticStringWriter]	16	static
D:/ANTZ Systems/100_Acre_VIC_Water_Level_Monitoring_Control_Card/control_card_host_controller_application/arduino_json/ArduinoJson/Serialization/CountingDecorator.hpp:20:8:void ArduinoJson6192_71::CountingDecorator<TWriter>::write(const uint8_t*, size_t) [with TWriter = ArduinoJson6192_71::StaticStringWriter]	24	static
D:/ANTZ Systems/100_Acre_VIC_Water_Level_Monitoring_Control_Card/control_card_host_controller_application/arduino_json/ArduinoJson/Json/TextFormatter.hpp:26:10:size_t ArduinoJson6192_71::TextFormatter<TWriter>::bytesWritten() const [with TWriter = ArduinoJson6192_71::StaticStringWriter]	16	static
D:/ANTZ Systems/100_Acre_VIC_Water_Level_Monitoring_Control_Card/control_card_host_controller_application/arduino_json/ArduinoJson/Numbers/FloatParts.hpp:57:18:static int16_t ArduinoJson6192_71::FloatParts<TFloat>::normalize(TFloat&) [with TFloat = double]	32	static
D:/ANTZ Systems/100_Acre_VIC_Water_Level_Monitoring_Control_Card/control_card_host_controller_application/arduino_json/ArduinoJson/Strings/StringAdapters.hpp:76:1:typename ArduinoJson6192_71::enable_if<(TAdaptedString1::typeSortKey > TAdaptedString2::typeSortKey), bool>::type ArduinoJson6192_71::stringEquals(TAdaptedString1, TAdaptedString2) [with TAdaptedString1 = ZeroTerminatedRamString; TAdaptedString2 = SizedRamString]	24	static
D:/ANTZ Systems/100_Acre_VIC_Water_Level_Monitoring_Control_Card/control_card_host_controller_application/arduino_json/ArduinoJson/Json/TextFormatter.hpp:161:8:void ArduinoJson6192_71::TextFormatter<TWriter>::writeRaw(char) [with TWriter = ArduinoJson6192_71::StaticStringWriter]	16	static
D:/ANTZ Systems/100_Acre_VIC_Water_Level_Monitoring_Control_Card/control_card_host_controller_application/arduino_json/ArduinoJson/Json/TextFormatter.hpp:112:51:typename ArduinoJson6192_71::enable_if<ArduinoJson6192_71::is_unsigned<T>::value>::type ArduinoJson6192_71::TextFormatter<TWriter>::writeInteger(T) [with T = long unsigned int; TWriter = ArduinoJson6192_71::StaticStringWriter]	48	static
D:/ANTZ Systems/100_Acre_VIC_Water_Level_Monitoring_Control_Card/control_card_host_controller_application/arduino_json/ArduinoJson/Json/TextFormatter.hpp:127:8:void ArduinoJson6192_71::TextFormatter<TWriter>::writeDecimals(uint32_t, int8_t) [with TWriter = ArduinoJson6192_71::StaticStringWriter]	48	static
D:/ANTZ Systems/100_Acre_VIC_Water_Level_Monitoring_Control_Card/control_card_host_controller_application/arduino_json/ArduinoJson/Json/TextFormatter.hpp:99:49:typename ArduinoJson6192_71::enable_if<ArduinoJson6192_71::is_signed<T>::value>::type ArduinoJson6192_71::TextFormatter<TWriter>::writeInteger(T) [with T = short int; TWriter = ArduinoJson6192_71::StaticStringWriter]	24	static
D:/ANTZ Systems/100_Acre_VIC_Water_Level_Monitoring_Control_Card/control_card_host_controller_application/arduino_json/ArduinoJson/Json/TextFormatter.hpp:51:8:void ArduinoJson6192_71::TextFormatter<TWriter>::writeChar(char) [with TWriter = ArduinoJson6192_71::StaticStringWriter]	24	static
D:/ANTZ Systems/100_Acre_VIC_Water_Level_Monitoring_Control_Card/control_card_host_controller_application/arduino_json/ArduinoJson/Json/TextFormatter.hpp:152:8:void ArduinoJson6192_71::TextFormatter<TWriter>::writeRaw(const char*, const char*) [with TWriter = ArduinoJson6192_71::StaticStringWriter]	24	static
D:/ANTZ Systems/100_Acre_VIC_Water_Level_Monitoring_Control_Card/control_card_host_controller_application/arduino_json/ArduinoJson/Serialization/CountingDecorator.hpp:24:10:size_t ArduinoJson6192_71::CountingDecorator<TWriter>::count() const [with TWriter = ArduinoJson6192_71::StaticStringWriter]	16	static
D:/ANTZ Systems/100_Acre_VIC_Water_Level_Monitoring_Control_Card/control_card_host_controller_application/arduino_json/ArduinoJson/Numbers/FloatTraits.hpp:88:12:static T ArduinoJson6192_71::FloatTraits<T, 8>::negativeBinaryPowerOfTenPlusOne(int) [with T = double]	16	static
D:/ANTZ Systems/100_Acre_VIC_Water_Level_Monitoring_Control_Card/control_card_host_controller_application/arduino_json/ArduinoJson/Strings/StringAdapters.hpp:59:1:typename ArduinoJson6192_71::enable_if<(TAdaptedString1::typeSortKey <= TAdaptedString2::typeSortKey), bool>::type ArduinoJson6192_71::stringEquals(TAdaptedString1, TAdaptedString2) [with TAdaptedString1 = SizedRamString; TAdaptedString2 = ZeroTerminatedRamString]	48	static
D:/ANTZ Systems/100_Acre_VIC_Water_Level_Monitoring_Control_Card/control_card_host_controller_application/arduino_json/ArduinoJson/Serialization/CountingDecorator.hpp:16:8:void ArduinoJson6192_71::CountingDecorator<TWriter>::write(uint8_t) [with TWriter = ArduinoJson6192_71::StaticStringWriter]	16	static
D:/ANTZ Systems/100_Acre_VIC_Water_Level_Monitoring_Control_Card/control_card_host_controller_application/arduino_json/ArduinoJson/Json/TextFormatter.hpp:112:51:typename ArduinoJson6192_71::enable_if<ArduinoJson6192_71::is_unsigned<T>::value>::type ArduinoJson6192_71::TextFormatter<TWriter>::writeInteger(T) [with T = short unsigned int; TWriter = ArduinoJson6192_71::StaticStringWriter]	48	static
../Core/Src/uplink_management.cpp:1041:1:void __static_initialization_and_destruction_0()	8	static
../Core/Src/uplink_management.cpp:1041:1:void __static_initialization_and_destruction_1()	8	static
../Core/Src/uplink_management.cpp:1041:1:cpp)	8	static
../Core/Src/uplink_management.cpp:1041:1:cpp)	8	static
