D:/ANTZ Systems/100_Acre_VIC_Water_Level_Monitoring_Control_Card/control_card_host_controller_application/arduino_json/ArduinoJson/Strings/Adapters/RamString.hpp:90:8:char ArduinoJson6192_71::SizedRamString::operator[](size_t) const	16	static
C:\ST\STM32CubeIDE_1.18.0\STM32CubeIDE\plugins\com.st.stm32cube.ide.mcu.externaltools.gnu-tools-for-stm32.13.3.rel1.win32_1.0.0.202411081344\tools\arm-none-eabi\include\c++\13.3.1\arm-none-eabi\thumb\v7e-m+dp\hard\bits\gthr-default.h:229:1:int __gthread_key_delete(__gthread_key_t)	16	static
../cellular/cellular.cpp:41:1:cellular::cellular(UART_HandleTypeDef*, mutex_t&, GPIO_TypeDef*, uint16_t, GPIO_TypeDef*, uint16_t)	24	static
../cellular/cellular.cpp:49:1:cellular::~cellular()	16	static
../cellular/cellular.cpp:49:1:virtual cellular::~cellular()	16	static
../cellular/cellular.cpp:56:6:void cellular::turn_on_with_power_key()	16	static
../cellular/cellular.cpp:65:6:void cellular::turn_off_with_power_key()	16	static
../cellular/cellular.cpp:74:6:void cellular::reset()	16	static
../cellular/cellular.cpp:84:6:void cellular::restart()	16	static
../cellular/cellular.cpp:104:6:void cellular::initialise()	16	static
../cellular/cellular.cpp:117:6:void cellular::deinitialise()	16	static
../cellular/cellular.cpp:124:6:void cellular::attention()	16	static
../cellular/cellular.cpp:130:6:void cellular::echo_on()	16	static
../cellular/cellular.cpp:136:6:void cellular::echo_off()	16	static
../cellular/cellular.cpp:142:6:void cellular::query_module_status()	16	static
../cellular/cellular.cpp:148:6:void cellular::get_imei()	16	static
../cellular/cellular.cpp:156:6:void cellular::get_sim_ccid()	16	static
../cellular/cellular.cpp:164:6:void cellular::power_down()	16	static
../cellular/cellular.cpp:171:6:void cellular::set_network_scan_sequence()	16	static
../cellular/cellular.cpp:176:6:void cellular::set_network_scan_mode()	16	static
../cellular/cellular.cpp:182:9:uint8_t cellular::get_network_registartion_status()	24	static
../cellular/cellular.cpp:219:6:void cellular::get_signal_strength()	16	static
../cellular/cellular.cpp:225:9:uint8_t cellular::get_time_sychronised()	24	static
../cellular/cellular.cpp:251:9:uint8_t cellular::set_apn_settings()	152	static
../cellular/cellular.cpp:279:9:uint8_t cellular::clear_all_status_flags()	16	static
../cellular/cellular.cpp:289:9:uint8_t cellular::clear_mqtt_status_flags()	16	static
../cellular/cellular.cpp:296:6:void cellular::init_ssl()	16	static
../cellular/cellular.cpp:304:9:uint8_t cellular::open_mqtt_connection(char*, int)	288	static
../cellular/cellular.cpp:340:9:uint8_t cellular::connect_to_broker(char*, char*)	288	static
../cellular/cellular.cpp:375:9:uint8_t cellular::subscribe(char*)	320	static
../cellular/cellular.cpp:397:9:uint8_t cellular::publish(char*, char*, uint16_t)	32	static
../cellular/cellular.cpp:429:9:uint8_t cellular::delete_all_files_in_UFS()	152	static
../cellular/cellular.cpp:460:6:void cellular::list_UFS_files_in_module_and_save_to_ram()	32	static
../cellular/cellular.cpp:490:9:uint8_t cellular::list_all_files_in_UFS()	144	static
../cellular/cellular.cpp:510:9:uint8_t cellular::upload_file()	152	static
../cellular/cellular.cpp:544:9:uint8_t cellular::store_ca_certificate()	24	static
../cellular/cellular.cpp:579:9:uint8_t cellular::store_client_certificate()	24	static
../cellular/cellular.cpp:612:9:uint8_t cellular::store_client_key()	24	static
../cellular/cellular.cpp:645:9:uint8_t cellular::load_ssl_certificates()	24	static
../cellular/cellular.cpp:674:9:uint8_t cellular::locate_device_ssl_certificates_and_load()	16	static
../cellular/cellular.cpp:690:9:uint8_t cellular::disable_gnss_gps()	16	static
../cellular/cellular.cpp:696:9:uint8_t cellular::enable_gnss_gps()	16	static
../cellular/cellular.cpp:706:6:void cellular::close_mqtt_connection()	16	static
../cellular/cellular.cpp:712:6:void cellular::mqtt_disconnect()	16	static
../cellular/cellular.cpp:718:6:void cellular::close_connection()	16	static
../cellular/cellular.cpp:726:6:void cellular::send_command_and_wait_for_response(char*, uint32_t)	32	static
../cellular/cellular.cpp:742:6:void cellular::send_command_and_wait_for_OK_response(char*, uint32_t)	32	static
../cellular/cellular.cpp:758:6:void cellular::send_command_and_wait_for_CONNECT_response(char*, uint32_t)	32	static
../cellular/cellular.cpp:774:9:uint8_t cellular::send_command_and_wait_for_response(char*, char*, uint32_t)	40	static
../cellular/cellular.cpp:799:6:void cellular::send_command_and_wait_for_multi_line_response(char*, uint32_t)	32	static
../cellular/cellular.cpp:829:9:uint8_t cellular::process_imei_number()	24	static
../cellular/cellular.cpp:859:9:uint8_t cellular::process_sim_ccid_number()	24	static
../cellular/cellular.cpp:890:9:uint8_t cellular::process_qcsq()	24	static
../cellular/cellular.cpp:932:9:uint8_t cellular::process_time_frame_and_get_date_time()	48	static
../cellular/cellular.cpp:992:9:uint8_t cellular::process_cellular_data()	32	static
../cellular/cellular.cpp:1244:6:void cellular_thread_task(const void*)	24	static,ignoring_inline_asm
../cellular/cellular.cpp:1526:6:void cellular_processing_task(const void*)	16	static
../cellular/cellular.cpp:1588:6:static void cellular::my_callback(UART_HandleTypeDef*)	24	static
D:/ANTZ Systems/100_Acre_VIC_Water_Level_Monitoring_Control_Card/control_card_host_controller_application/arduino_json/ArduinoJson/Strings/StringAdapters.hpp:81:13:void ArduinoJson6192_71::stringGetChars(TAdaptedString, char*, size_t) [with TAdaptedString = SizedRamString]	40	static
../cellular/cellular.cpp:1672:1:void __static_initialization_and_destruction_0()	24	static
../cellular/cellular.cpp:1672:1:void __static_initialization_and_destruction_1()	8	static
../cellular/cellular.cpp:1672:1:cpp)	8	static
../cellular/cellular.cpp:1672:1:cpp)	8	static
